// Jest Snapshot v1, https://goo.gl/fbAQLP

exports[`Button Link changes the class when hovered 1`] = `
<button
  onClick={[Function]}
>
  press-me
</button>
`;

exports[`Button Link changes the class when hovered 2`] = `
<button
  onClick={[Function]}
>
  press-me
</button>
`;

exports[`Link changes the class when hovered 1`] = `
<button
  onClick={[Function]}
>
  press-me
</button>
`;

exports[`Link changes the class when hovered 2`] = `
<button
  onClick={[Function]}
>
  press-me
</button>
`;
